/New-ternary-optical-computer/NRadix_Accelerator/simulation/fdtd_inverse_design.py:102: RuntimeWarning: invalid value encountered in divide
  c = np.where(np.abs(denom) > 1e-30, sigma / denom * (b - 1.0), 0.0)
NRadix FDTD Adjoint Inverse Design
Grid: 250 x 375 cells  (dx=80.0 nm, dy=80.0 nm)
Design region: 187 x 312 cells
Target frequencies (3):
  val=-1  198.0000 THz
  val=+0  201.0000 THz
  val=+1  208.0000 THz
Starting FDTD adjoint optimization...
  Initial density shape: (187, 312)
  Grid: (250, 375)
  n_steps per forward pass: 40000
  Gradient computed via JAX autodiff through lax.scan + jax.checkpoint
  Checkpoints save every 50 iterations
  iter   10/300  loss=-0.9821  efficiency=98.2%  iter_time=3.6s  ETA=17min
  iter   20/300  loss=-0.9960  efficiency=99.6%  iter_time=3.6s  ETA=17min
  iter   30/300  loss=-0.9987  efficiency=99.9%  iter_time=3.6s  ETA=16min
  iter   40/300  loss=-0.9997  efficiency=100.0%  iter_time=3.6s  ETA=16min
  iter   50/300  loss=-0.9999  efficiency=100.0%  iter_time=3.6s  ETA=15min
  Saved checkpoint: results/multiply_unit_density_fdtd.npy
  iter   60/300  loss=-1.0000  efficiency=100.0%  iter_time=3.6s  ETA=14min
  iter   70/300  loss=-1.0000  efficiency=100.0%  iter_time=3.6s  ETA=14min
  iter   80/300  loss=-1.0000  efficiency=100.0%  iter_time=3.6s  ETA=13min
  iter   90/300  loss=-1.0000  efficiency=100.0%  iter_time=3.6s  ETA=13min
  iter  100/300  loss=-1.0000  efficiency=100.0%  iter_time=3.6s  ETA=12min
  Saved checkpoint: results/multiply_unit_density_fdtd.npy
  iter  110/300  loss=-1.0000  efficiency=100.0%  iter_time=3.6s  ETA=11min
  iter  120/300  loss=-1.0000  efficiency=100.0%  iter_time=3.6s  ETA=11min
  iter  130/300  loss=-1.0000  efficiency=100.0%  iter_time=3.6s  ETA=10min
  iter  140/300  loss=-1.0000  efficiency=100.0%  iter_time=3.6s  ETA=10min
  iter  150/300  loss=-1.0000  efficiency=100.0%  iter_time=3.7s  ETA=9min
  Saved checkpoint: results/multiply_unit_density_fdtd.npy
  iter  160/300  loss=-1.0000  efficiency=100.0%  iter_time=3.7s  ETA=8min
  iter  170/300  loss=-1.0000  efficiency=100.0%  iter_time=3.6s  ETA=8min
  iter  180/300  loss=-1.0000  efficiency=100.0%  iter_time=3.6s  ETA=7min
  iter  190/300  loss=-1.0000  efficiency=100.0%  iter_time=3.6s  ETA=7min
  iter  200/300  loss=-1.0000  efficiency=100.0%  iter_time=3.6s  ETA=6min
  Saved checkpoint: results/multiply_unit_density_fdtd.npy
  iter  210/300  loss=-1.0000  efficiency=100.0%  iter_time=3.6s  ETA=5min
  iter  220/300  loss=-1.0000  efficiency=100.0%  iter_time=3.6s  ETA=5min
  iter  230/300  loss=-1.0000  efficiency=100.0%  iter_time=3.6s  ETA=4min
  iter  240/300  loss=-1.0000  efficiency=100.0%  iter_time=3.6s  ETA=4min
  iter  250/300  loss=-1.0000  efficiency=100.0%  iter_time=3.6s  ETA=3min
  Saved checkpoint: results/multiply_unit_density_fdtd.npy
  iter  260/300  loss=-1.0000  efficiency=100.0%  iter_time=3.6s  ETA=2min
  iter  270/300  loss=-1.0000  efficiency=100.0%  iter_time=3.6s  ETA=2min
  iter  280/300  loss=-1.0000  efficiency=100.0%  iter_time=3.6s  ETA=1min
  iter  290/300  loss=-1.0000  efficiency=100.0%  iter_time=3.6s  ETA=1min
  iter  300/300  loss=-1.0000  efficiency=100.0%  iter_time=3.6s  ETA=0min
  Saved checkpoint: results/multiply_unit_density_fdtd.npy
  Final save: results/multiply_unit_density_fdtd.npy
  Avg iter time (excluding JIT warmup): 3.607s
Optimization complete. Saved to results/multiply_unit_density_fdtd.npy
Run fdtdx_validation.py to validate.
